
> abtalks-build60@1.0.0 dev
> vite --host

Port 5173 is in use, trying another one...

  [32m[1mVITE[22m v8.2.1[39m  [2mready in [0m[1m5948[22m[2m[0m ms[22m

  [32m➜[39m  [1mLocal[22m:   [36mhttp://localhost:[1m5174[22m/[39m
  [32m➜[39m  [1mNetwork[22m: [36mhttp://192.168.8.177:[1m5174[22m/[39m  [2mEthernet[22m
[2m[32m  ➜[39m[22m[2m  press [22m[1mh + enter[22m[2m to show help[22m
[2m1:41:55 pm[22m [36m[1m[vite][22m[39m [90m[2m(client)[22m[39m [32mhmr update [39m[2m/src/styles/global.css[22m
[2m1:41:56 pm[22m [36m[1m[vite][22m[39m [90m[2m(client)[22m[39m [32mhmr update [39m[2m/src/styles/global.css[22m
[2m1:41:57 pm[22m [36m[1m[vite][22m[39m [90m[2m(client)[22m[39m [32mhmr update [39m[2m/src/styles/global.css[22m
[2m1:41:58 pm[22m [36m[1m[vite][22m[39m [90m[2m(client)[22m[39m [32mhmr update [39m[2m/src/styles/global.css[22m
[2m1:41:58 pm[22m [36m[1m[vite][22m[39m [90m[2m(client)[22m[39m [32mhmr update [39m[2m/src/styles/global.css[22m
[2m1:41:59 pm[22m [36m[1m[vite][22m[39m [90m[2m(client)[22m[39m [32mhmr update [39m[2m/src/styles/global.css[22m
[2m1:42:05 pm[22m [36m[1m[vite][22m[39m [90m[2m(client)[22m[39m [32mhmr update [39m[2m/src/styles/global.css[22m
[2m1:42:06 pm[22m [36m[1m[vite][22m[39m [90m[2m(client)[22m[39m [32mhmr update [39m[2m/src/styles/global.css[22m
[2m1:42:08 pm[22m [36m[1m[vite][22m[39m [90m[2m(client)[22m[39m [32mhmr update [39m[2m/src/styles/global.css[22m
[2m1:42:08 pm[22m [36m[1m[vite][22m[39m [90m[2m(client)[22m[39m [32mhmr update [39m[2m/src/styles/global.css[22m
[2m1:42:09 pm[22m [36m[1m[vite][22m[39m [90m[2m(client)[22m[39m [32mhmr update [39m[2m/src/styles/global.css[22m
[2m1:42:10 pm[22m [36m[1m[vite][22m[39m [90m[2m(client)[22m[39m [32mhmr update [39m[2m/src/styles/global.css[22m
[2m1:42:15 pm[22m [36m[1m[vite][22m[39m [90m[2m(client)[22m[39m [32mhmr update [39m[2m/src/styles/global.css[22m
[2m1:42:16 pm[22m [36m[1m[vite][22m[39m [90m[2m(client)[22m[39m [32mhmr update [39m[2m/src/styles/global.css[22m
[2m1:42:17 pm[22m [36m[1m[vite][22m[39m [90m[2m(client)[22m[39m [32mhmr update [39m[2m/src/styles/global.css[22m
[2m1:42:17 pm[22m [36m[1m[vite][22m[39m [90m[2m(client)[22m[39m [32mhmr update [39m[2m/src/styles/global.css[22m
[2m1:42:19 pm[22m [36m[1m[vite][22m[39m [90m[2m(client)[22m[39m [32mhmr update [39m[2m/src/styles/global.css[22m
[2m1:42:20 pm[22m [36m[1m[vite][22m[39m [90m[2m(client)[22m[39m [32mhmr update [39m[2m/src/styles/global.css[22m
[2m1:42:21 pm[22m [36m[1m[vite][22m[39m [90m[2m(client)[22m[39m [32mhmr update [39m[2m/src/styles/global.css[22m
[2m1:42:23 pm[22m [36m[1m[vite][22m[39m [90m[2m(client)[22m[39m [32mhmr update [39m[2m/src/styles/global.css[22m
[2m1:42:24 pm[22m [36m[1m[vite][22m[39m [90m[2m(client)[22m[39m [32mhmr update [39m[2m/src/styles/global.css[22m
[2m1:42:25 pm[22m [36m[1m[vite][22m[39m [90m[2m(client)[22m[39m [32mhmr update [39m[2m/src/styles/global.css[22m
[2m1:42:26 pm[22m [36m[1m[vite][22m[39m [90m[2m(client)[22m[39m [32mhmr update [39m[2m/src/styles/global.css[22m
[2m1:42:27 pm[22m [36m[1m[vite][22m[39m [90m[2m(client)[22m[39m [32mhmr update [39m[2m/src/styles/global.css[22m
[2m1:42:27 pm[22m [36m[1m[vite][22m[39m [90m[2m(client)[22m[39m [32mhmr update [39m[2m/src/styles/global.css[22m
[2m1:42:28 pm[22m [36m[1m[vite][22m[39m [90m[2m(client)[22m[39m [32mhmr update [39m[2m/src/styles/global.css[22m
[2m1:42:28 pm[22m [36m[1m[vite][22m[39m [90m[2m(client)[22m[39m [32mhmr update [39m[2m/src/styles/global.css[22m
[2m1:42:30 pm[22m [36m[1m[vite][22m[39m [90m[2m(client)[22m[39m [32mhmr update [39m[2m/src/styles/global.css[22m
[2m1:42:33 pm[22m [36m[1m[vite][22m[39m [90m[2m(client)[22m[39m [32mhmr update [39m[2m/src/styles/global.css[22m
[2m1:42:34 pm[22m [36m[1m[vite][22m[39m [90m[2m(client)[22m[39m [32mhmr update [39m[2m/src/styles/global.css[22m
[2m1:42:35 pm[22m [36m[1m[vite][22m[39m [90m[2m(client)[22m[39m [32mhmr update [39m[2m/src/styles/global.css[22m
[2m1:42:36 pm[22m [36m[1m[vite][22m[39m [90m[2m(client)[22m[39m [32mhmr update [39m[2m/src/styles/global.css[22m
[2m1:42:37 pm[22m [36m[1m[vite][22m[39m [90m[2m(client)[22m[39m [32mhmr update [39m[2m/src/styles/global.css[22m
[2m1:42:38 pm[22m [36m[1m[vite][22m[39m [90m[2m(client)[22m[39m [32mhmr update [39m[2m/src/styles/global.css[22m
[2m1:42:41 pm[22m [36m[1m[vite][22m[39m [90m[2m(client)[22m[39m [32mhmr update [39m[2m/src/styles/global.css[22m
[2m1:42:42 pm[22m [36m[1m[vite][22m[39m [90m[2m(client)[22m[39m [32mhmr update [39m[2m/src/styles/global.css[22m
[2m1:42:42 pm[22m [36m[1m[vite][22m[39m [90m[2m(client)[22m[39m [32mhmr update [39m[2m/src/styles/global.css[22m
[2m1:42:44 pm[22m [36m[1m[vite][22m[39m [90m[2m(client)[22m[39m [32mhmr update [39m[2m/src/styles/global.css[22m
[2m1:42:45 pm[22m [36m[1m[vite][22m[39m [90m[2m(client)[22m[39m [32mhmr update [39m[2m/src/styles/global.css[22m
[2m1:42:45 pm[22m [36m[1m[vite][22m[39m [90m[2m(client)[22m[39m [32mhmr update [39m[2m/src/styles/global.css[22m
[2m1:42:46 pm[22m [36m[1m[vite][22m[39m [90m[2m(client)[22m[39m [32mhmr update [39m[2m/src/styles/global.css[22m
[2m1:42:47 pm[22m [36m[1m[vite][22m[39m [90m[2m(client)[22m[39m [32mhmr update [39m[2m/src/styles/global.css[22m
[2m1:42:48 pm[22m [36m[1m[vite][22m[39m [90m[2m(client)[22m[39m [32mhmr update [39m[2m/src/styles/global.css[22m
[2m1:42:55 pm[22m [36m[1m[vite][22m[39m [90m[2m(client)[22m[39m [32mhmr update [39m[2m/src/components/Reminder.jsx[22m
[2m1:42:55 pm[22m [36m[1m[vite][22m[39m [90m[2m(client)[22m[39m [32mhmr update [39m[2m/src/components/Reminder.jsx[22m
[2m1:42:56 pm[22m [36m[1m[vite][22m[39m [90m[2m(client)[22m[39m [32mhmr update [39m[2m/src/components/Reminder.jsx[22m
[2m1:42:57 pm[22m [36m[1m[vite][22m[39m [90m[2m(client)[22m[39m [32mhmr update [39m[2m/src/components/Calendar.jsx[22m
[2m1:42:57 pm[22m [36m[1m[vite][22m[39m [90m[2m(client)[22m[39m [32mhmr update [39m[2m/src/components/Community.jsx[22m
[2m1:42:58 pm[22m [36m[1m[vite][22m[39m [90m[2m(client)[22m[39m [32mhmr update [39m[2m/src/components/Community.jsx[22m
[2m1:42:59 pm[22m [36m[1m[vite][22m[39m [90m[2m(client)[22m[39m [32mhmr update [39m[2m/src/components/Community.jsx[22m
[2m1:42:59 pm[22m [36m[1m[vite][22m[39m [90m[2m(client)[22m[39m [32mhmr update [39m[2m/src/components/Badges.jsx[22m
[2m1:43:00 pm[22m [36m[1m[vite][22m[39m [90m[2m(client)[22m[39m [32mhmr update [39m[2m/src/components/Badges.jsx[22m
[2m1:43:03 pm[22m [36m[1m[vite][22m[39m [90m[2m(client)[22m[39m [32mpage reload [39m[2mindex.html[22m
[2m1:43:04 pm[22m [36m[1m[vite][22m[39m [90m[2m(client)[22m[39m [32mpage reload [39m[2mindex.html[22m
[2m1:45:12 pm[22m [36m[1m[vite][22m[39m [90m[2m(client)[22m[39m [32mhmr update [39m[2m/src/App.jsx, /src/components/ScenePicker.jsx, /src/components/StreakCard.jsx, /src/components/Badges.jsx, /src/components/XpCard.jsx[22m
[2m1:45:15 pm[22m [36m[1m[vite][22m[39m [90m[2m(client)[22m[39m [32mhmr update [39m[2m/src/App.jsx, /src/components/ScenePicker.jsx, /src/components/StreakCard.jsx, /src/components/Badges.jsx, /src/components/XpCard.jsx[22m
[2m1:45:18 pm[22m [36m[1m[vite][22m[39m [90m[2m(client)[22m[39m [32mhmr update [39m[2m/src/App.jsx, /src/components/ScenePicker.jsx, /src/components/StreakCard.jsx, /src/components/Badges.jsx, /src/components/XpCard.jsx[22m
[2m1:46:40 pm[22m [36m[1m[vite][22m[39m [90m[2m(client)[22m[39m [32mhmr update [39m[2m/src/App.jsx, /src/components/ScenePicker.jsx, /src/components/StreakCard.jsx, /src/components/Badges.jsx, /src/components/XpCard.jsx[22m
[2m1:53:54 pm[22m [36m[1m[vite][22m[39m [90m[2m(client)[22m[39m [32mhmr update [39m[2m/src/App.jsx, /src/components/ScenePicker.jsx, /src/components/StreakCard.jsx, /src/components/Badges.jsx, /src/components/XpCard.jsx[22m
[2m1:53:58 pm[22m [36m[1m[vite][22m[39m [90m[2m(client)[22m[39m [32mhmr update [39m[2m/src/components/ScenePicker.jsx[22m
[2m1:54:06 pm[22m [36m[1m[vite][22m[39m [90m[2m(client)[22m[39m [32mhmr update [39m[2m/src/components/Calendar.jsx[22m
[2m1:54:09 pm[22m [36m[1m[vite][22m[39m [90m[2m(client)[22m[39m [32mhmr update [39m[2m/src/App.jsx[22m
[2m1:54:10 pm[22m [36m[1m[vite][22m[39m [90m[2m(client)[22m[39m [32mhmr update [39m[2m/src/styles/global.css[22m
[2m1:54:12 pm[22m [36m[1m[vite][22m[39m [90m[2m(client)[22m[39m [32mhmr update [39m[2m/src/styles/global.css[22m
[2m1:54:16 pm[22m [36m[1m[vite][22m[39m [90m[2m(client)[22m[39m [32mhmr update [39m[2m/src/App.jsx, /src/components/ScenePicker.jsx, /src/components/StreakCard.jsx, /src/components/Badges.jsx, /src/components/XpCard.jsx[22m
[2m1:58:05 pm[22m [36m[1m[vite][22m[39m [90m[2m(client)[22m[39m [32mhmr update [39m[2m/src/App.jsx[22m
[2m1:58:05 pm[22m [36m[1m[vite][22m[39m [90m[2m(client)[22m[39m [32mhmr update [39m[2m/src/App.jsx[22m
[2m1:58:15 pm[22m [36m[1m[vite][22m[39m [90m[2m(client)[22m[39m [32mhmr update [39m[2m/src/styles/global.css[22m
[2m2:02:21 pm[22m [36m[1m[vite][22m[39m [90m[2m(client)[22m[39m [32mhmr update [39m[2m/src/App.jsx, /src/components/ScenePicker.jsx, /src/components/StreakCard.jsx, /src/components/Badges.jsx, /src/components/XpCard.jsx[22m
[2m2:02:29 pm[22m [36m[1m[vite][22m[39m [90m[2m(client)[22m[39m [32mhmr update [39m[2m/src/components/StreakCard.jsx[22m
[2m2:02:31 pm[22m [36m[1m[vite][22m[39m [90m[2m(client)[22m[39m [32mhmr update [39m[2m/src/components/StreakCard.jsx[22m
[2m2:02:32 pm[22m [36m[1m[vite][22m[39m [90m[2m(client)[22m[39m [32mhmr update [39m[2m/src/components/StreakCard.jsx[22m
[2m2:02:39 pm[22m [36m[1m[vite][22m[39m [90m[2m(client)[22m[39m [32mhmr update [39m[2m/src/styles/global.css[22m
[2m2:02:40 pm[22m [36m[1m[vite][22m[39m [90m[2m(client)[22m[39m [32mhmr update [39m[2m/src/styles/global.css[22m
[2m2:06:43 pm[22m [36m[1m[vite][22m[39m [90m[2m(client)[22m[39m [32mhmr update [39m[2m/src/components/JourneyList.jsx[22m
[2m2:06:46 pm[22m [36m[1m[vite][22m[39m [90m[2m(client)[22m[39m [32mhmr update [39m[2m/src/App.jsx[22m
[2m2:09:43 pm[22m [36m[1m[vite][22m[39m [90m[2m(client)[22m[39m [32mhmr update [39m[2m/src/styles/global.css[22m
[2m2:09:43 pm[22m [36m[1m[vite][22m[39m [90m[2m(client)[22m[39m [32mhmr update [39m[2m/src/styles/global.css[22m
[2m2:09:48 pm[22m [36m[1m[vite][22m[39m [90m[2m(client)[22m[39m [32mhmr update [39m[2m/src/styles/global.css[22m
[2m2:09:57 pm[22m [36m[1m[vite][22m[39m [90m[2m(client)[22m[39m [32mhmr update [39m[2m/src/components/JourneyList.jsx[22m
[2m2:10:00 pm[22m [36m[1m[vite][22m[39m [90m[2m(client)[22m[39m [32mhmr update [39m[2m/src/components/DaySheet.jsx[22m
[2m2:10:02 pm[22m [36m[1m[vite][22m[39m [90m[2m(client)[22m[39m [32mhmr update [39m[2m/src/components/DaySheet.jsx[22m
[2m2:10:06 pm[22m [36m[1m[vite][22m[39m [90m[2m(client)[22m[39m [32mhmr update [39m[2m/src/styles/global.css[22m
[2m2:11:12 pm[22m [36m[1m[vite][22m[39m [90m[2m(client)[22m[39m [32mhmr update [39m[2m/src/App.jsx[22m
[2m2:11:13 pm[22m [36m[1m[vite][22m[39m [90m[2m(client)[22m[39m [32mhmr update [39m[2m/src/App.jsx[22m
[2m2:11:17 pm[22m [36m[1m[vite][22m[39m [90m[2m(client)[22m[39m [32mhmr update [39m[2m/src/App.jsx, /src/components/ScenePicker.jsx, /src/components/StreakCard.jsx, /src/components/Badges.jsx, /src/components/XpCard.jsx[22m
[2m2:11:21 pm[22m [36m[1m[vite][22m[39m [90m[2m(client)[22m[39m [32mhmr update [39m[2m/src/components/JourneyList.jsx[22m
[2m2:11:39 pm[22m [36m[1m[vite][22m[39m [90m[2m(client)[22m[39m [32mhmr update [39m[2m/src/styles/global.css[22m
[2m2:13:01 pm[22m [36m[1m[vite][22m[39m [90m[2m(client)[22m[39m [32mhmr update [39m[2m/src/components/Calendar.jsx[22m
[2m2:13:42 pm[22m [36m[1m[vite][22m[39m [90m[2m(client)[22m[39m [32mhmr update [39m[2m/src/components/Calendar.jsx[22m
[2m2:13:43 pm[22m [36m[1m[vite][22m[39m [90m[2m(client)[22m[39m [32mhmr update [39m[2m/src/components/Calendar.jsx[22m
[2m2:13:49 pm[22m [36m[1m[vite][22m[39m [90m[2m(client)[22m[39m [32mhmr update [39m[2m/src/styles/global.css[22m
[2m2:15:37 pm[22m [36m[1m[vite][22m[39m [90m[2m(client)[22m[39m [32mhmr update [39m[2m/src/styles/global.css[22m
[2m2:15:44 pm[22m [36m[1m[vite][22m[39m [90m[2m(client)[22m[39m [32mhmr update [39m[2m/src/styles/global.css[22m
[2m2:15:50 pm[22m [36m[1m[vite][22m[39m [90m[2m(client)[22m[39m [32mhmr update [39m[2m/src/styles/global.css[22m
[2m2:15:56 pm[22m [36m[1m[vite][22m[39m [90m[2m(client)[22m[39m [32mhmr update [39m[2m/src/styles/global.css[22m
[2m2:16:00 pm[22m [36m[1m[vite][22m[39m [90m[2m(client)[22m[39m [32mhmr update [39m[2m/src/styles/global.css[22m
[2m2:16:08 pm[22m [36m[1m[vite][22m[39m [90m[2m(client)[22m[39m [32mhmr update [39m[2m/src/App.jsx[22m
[2m2:16:11 pm[22m [36m[1m[vite][22m[39m [90m[2m(client)[22m[39m [32mhmr update [39m[2m/src/App.jsx[22m
[2m2:21:36 pm[22m [36m[1m[vite][22m[39m [90m[2m(client)[22m[39m [32mhmr update [39m[2m/src/App.jsx[22m
[2m2:24:20 pm[22m [36m[1m[vite][22m[39m [90m[2m(client)[22m[39m [32mhmr update [39m[2m/src/styles/global.css[22m
[2m2:30:02 pm[22m [36m[1m[vite][22m[39m [90m[2m(client)[22m[39m [32mhmr update [39m[2m/src/App.jsx, /src/components/ScenePicker.jsx, /src/components/StreakCard.jsx, /src/components/Badges.jsx, /src/components/XpCard.jsx[22m
[2m2:30:05 pm[22m [36m[1m[vite][22m[39m [90m[2m(client)[22m[39m [32mhmr update [39m[2m/src/App.jsx, /src/components/ScenePicker.jsx, /src/components/StreakCard.jsx, /src/components/Badges.jsx, /src/components/XpCard.jsx[22m
[2m2:30:09 pm[22m [36m[1m[vite][22m[39m [90m[2m(client)[22m[39m [32mhmr update [39m[2m/src/components/StreakCard.jsx[22m
[2m2:30:11 pm[22m [36m[1m[vite][22m[39m [90m[2m(client)[22m[39m [32mhmr update [39m[2m/src/components/StreakCard.jsx[22m
[2m2:30:27 pm[22m [36m[1m[vite][22m[39m [90m[2m(client)[22m[39m [32mhmr update [39m[2m/src/components/Calendar.jsx[22m
[2m2:30:37 pm[22m [36m[1m[vite][22m[39m [90m[2m(client)[22m[39m [32mhmr update [39m[2m/src/styles/global.css[22m
[2m2:32:29 pm[22m [36m[1m[vite][22m[39m [90m[2m(client)[22m[39m [32mhmr update [39m[2m/src/components/Calendar.jsx[22m
[2m2:32:31 pm[22m [36m[1m[vite][22m[39m [90m[2m(client)[22m[39m [32mhmr update [39m[2m/src/components/Calendar.jsx[22m
[2m2:32:36 pm[22m [36m[1m[vite][22m[39m [90m[2m(client)[22m[39m [32mhmr update [39m[2m/src/styles/global.css[22m
[2m2:36:38 pm[22m [36m[1m[vite][22m[39m [90m[2m(client)[22m[39m [32mhmr update [39m[2m/src/components/MiniCalendar.jsx[22m
[2m2:36:38 pm[22m [36m[1m[vite][22m[39m [90m[2m(client)[22m[39m [33mhmr invalidate [39m[2m/src/components/MiniCalendar.jsx[22m Could not Fast Refresh ("dateOfDay" export is incompatible). Learn more at https://github.com/vitejs/vite-plugin-react/tree/main/packages/plugin-react#consistent-components-exports
[2m2:36:38 pm[22m [36m[1m[vite][22m[39m [90m[2m(client)[22m[39m [32mhmr update [39m[2m/src/components/Calendar.jsx[22m
[2m2:37:12 pm[22m [36m[1m[vite][22m[39m [90m[2m(client)[22m[39m [32mhmr update [39m[2m/src/components/Calendar.jsx[22m
[2m2:37:16 pm[22m [36m[1m[vite][22m[39m [90m[2m(client)[22m[39m [32mhmr update [39m[2m/src/App.jsx, /src/components/ScenePicker.jsx, /src/components/StreakCard.jsx, /src/components/Badges.jsx, /src/components/XpCard.jsx[22m
[2m2:37:29 pm[22m [36m[1m[vite][22m[39m [90m[2m(client)[22m[39m [32mhmr update [39m[2m/src/styles/global.css[22m
[2m2:39:17 pm[22m [36m[1m[vite][22m[39m [90m[2m(client)[22m[39m [32mhmr update [39m[2m/src/components/Calendar.jsx[22m
[2m2:39:24 pm[22m [36m[1m[vite][22m[39m [90m[2m(client)[22m[39m [32mhmr update [39m[2m/src/styles/global.css[22m
[2m2:41:38 pm[22m [36m[1m[vite][22m[39m [90m[2m(client)[22m[39m [32mhmr update [39m[2m/src/styles/global.css[22m
[2m2:41:41 pm[22m [36m[1m[vite][22m[39m [90m[2m(client)[22m[39m [32mhmr update [39m[2m/src/styles/global.css[22m
[2m2:41:44 pm[22m [36m[1m[vite][22m[39m [90m[2m(client)[22m[39m [32mhmr update [39m[2m/src/components/Calendar.jsx[22m
[2m2:54:55 pm[22m [36m[1m[vite][22m[39m [90m[2m(client)[22m[39m [32mhmr update [39m[2m/src/App.jsx, /src/components/ScenePicker.jsx, /src/components/StreakCard.jsx, /src/components/Badges.jsx, /src/components/XpCard.jsx[22m
[2m2:55:00 pm[22m [36m[1m[vite][22m[39m [90m[2m(client)[22m[39m [32mhmr update [39m[2m/src/components/Community.jsx[22m
[2m2:55:05 pm[22m [36m[1m[vite][22m[39m [90m[2m(client)[22m[39m [32mhmr update [39m[2m/src/components/Community.jsx[22m
[2m2:55:09 pm[22m [36m[1m[vite][22m[39m [90m[2m(client)[22m[39m [32mhmr update [39m[2m/src/components/Community.jsx[22m
[2m2:55:22 pm[22m [36m[1m[vite][22m[39m [90m[2m(client)[22m[39m [32mhmr update [39m[2m/src/styles/global.css[22m
[2m2:58:56 pm[22m [36m[1m[vite][22m[39m [90m[2m(client)[22m[39m [32mhmr update [39m[2m/src/App.jsx, /src/components/ScenePicker.jsx, /src/components/StreakCard.jsx, /src/components/Badges.jsx, /src/components/XpCard.jsx, /src/components/Community.jsx[22m
[2m2:59:01 pm[22m [36m[1m[vite][22m[39m [90m[2m(client)[22m[39m [32mhmr update [39m[2m/src/components/Community.jsx[22m
[2m2:59:05 pm[22m [36m[1m[vite][22m[39m [90m[2m(client)[22m[39m [32mhmr update [39m[2m/src/components/Community.jsx[22m
[2m3:04:42 pm[22m [36m[1m[vite][22m[39m [90m[2m(client)[22m[39m [32mhmr update [39m[2m/src/components/Calendar.jsx[22m
[2m3:04:48 pm[22m [36m[1m[vite][22m[39m [90m[2m(client)[22m[39m [32mhmr update [39m[2m/src/styles/global.css[22m
[2m3:06:03 pm[22m [36m[1m[vite][22m[39m [90m[2m(client)[22m[39m [32mhmr update [39m[2m/src/styles/global.css[22m
[2m3:07:15 pm[22m [36m[1m[vite][22m[39m [90m[2m(client)[22m[39m [32mhmr update [39m[2m/src/styles/global.css[22m
[2m3:07:18 pm[22m [36m[1m[vite][22m[39m [90m[2m(client)[22m[39m [32mhmr update [39m[2m/src/styles/global.css[22m
[2m3:08:19 pm[22m [36m[1m[vite][22m[39m [90m[2m(client)[22m[39m [32mhmr update [39m[2m/src/styles/global.css[22m
[2m3:09:58 pm[22m [36m[1m[vite][22m[39m [90m[2m(client)[22m[39m [32mhmr update [39m[2m/src/styles/global.css[22m
[2m3:10:44 pm[22m [36m[1m[vite][22m[39m [90m[2m(client)[22m[39m [32mhmr update [39m[2m/src/styles/global.css[22m
[2m3:11:00 pm[22m [36m[1m[vite][22m[39m [90m[2m(client)[22m[39m [32mhmr update [39m[2m/src/styles/global.css[22m
[2m3:11:34 pm[22m [36m[1m[vite][22m[39m [90m[2m(client)[22m[39m [32mhmr update [39m[2m/src/styles/global.css[22m
[2m3:13:44 pm[22m [36m[1m[vite][22m[39m [90m[2m(client)[22m[39m [32mhmr update [39m[2m/src/components/MiniCalendar.jsx[22m
[2m3:13:44 pm[22m [36m[1m[vite][22m[39m [90m[2m(client)[22m[39m [33mhmr invalidate [39m[2m/src/components/MiniCalendar.jsx[22m Could not Fast Refresh ("dateOfDay" export is incompatible). Learn more at https://github.com/vitejs/vite-plugin-react/tree/main/packages/plugin-react#consistent-components-exports
[2m3:13:44 pm[22m [36m[1m[vite][22m[39m [90m[2m(client)[22m[39m [32mhmr update [39m[2m/src/components/Calendar.jsx[22m
[2m3:13:49 pm[22m [36m[1m[vite][22m[39m [90m[2m(client)[22m[39m [32mhmr update [39m[2m/src/components/Calendar.jsx[22m
[2m3:13:49 pm[22m [31m[1m[vite][22m[39m [31mInternal server error: Transform failed with 2 errors:

[31m[PARSE_ERROR] [0mExpected corresponding JSX closing tag for 'div'.
     [38;5;246m╭[0m[38;5;246m─[0m[38;5;246m[[0m src/components/Calendar.jsx:101:7 [38;5;246m][0m
     [38;5;246m│[0m
 [38;5;246m 49 │[0m [38;5;249m [0m[38;5;249m [0m[38;5;249m [0m[38;5;249m [0m[38;5;249m [0m[38;5;249m [0m[38;5;249m<[0mdiv[38;5;249m [0m[38;5;249mc[0m[38;5;249ml[0m[38;5;249ma[0m[38;5;249ms[0m[38;5;249ms[0m[38;5;249mN[0m[38;5;249ma[0m[38;5;249mm[0m[38;5;249me[0m[38;5;249m=[0m[38;5;249m"[0m[38;5;249mc[0m[38;5;249ma[0m[38;5;249ml[0m[38;5;249m-[0m[38;5;249mf[0m[38;5;249ml[0m[38;5;249me[0m[38;5;249mx[0m[38;5;249m"[0m[38;5;249m>[0m
 [38;5;240m    │[0m        ─┬─  
 [38;5;240m    │[0m         ╰─── Opened here
 [38;5;240m    │[0m 
 [38;5;246m101 │[0m [38;5;249m [0m[38;5;249m [0m[38;5;249m [0m[38;5;249m [0m[38;5;249m<[0m[38;5;249m/[0msection[38;5;249m>[0m
 [38;5;240m    │[0m       ───┬───  
 [38;5;240m    │[0m          ╰───── Expected `</div>`
[38;5;246m─────╯[0m

[31m[PARSE_ERROR] [0mUnexpected token. Did you mean `{'}'}` or `&rbrace;`?
     [38;5;246m╭[0m[38;5;246m─[0m[38;5;246m[[0m src/components/Calendar.jsx:103:1 [38;5;246m][0m
     [38;5;246m│[0m
 [38;5;246m103 │[0m [38;5;249m}[0m
 [38;5;240m    │[0m │ 
 [38;5;240m    │[0m ╰─ 
[38;5;246m─────╯[0m
[39m
  Plugin: [35mvite:oxc[39m
  File: [36mC:/Users/admin/OneDrive/Desktop/AB60/ABTalks-Build60/src/components/Calendar.jsx[39m
      at transformWithOxc (file:///C:/Users/admin/OneDrive/Desktop/AB60/ABTalks-Build60/node_modules/vite/dist/node/chunks/node.js:4097:19)
      at TransformPluginContext.transform (file:///C:/Users/admin/OneDrive/Desktop/AB60/ABTalks-Build60/node_modules/vite/dist/node/chunks/node.js:4168:26)
      at EnvironmentPluginContainer.transform (file:///C:/Users/admin/OneDrive/Desktop/AB60/ABTalks-Build60/node_modules/vite/dist/node/chunks/node.js:30851:51)
      at async loadAndTransform (file:///C:/Users/admin/OneDrive/Desktop/AB60/ABTalks-Build60/node_modules/vite/dist/node/chunks/node.js:20619:26)
      at async viteTransformMiddleware (file:///C:/Users/admin/OneDrive/Desktop/AB60/ABTalks-Build60/node_modules/vite/dist/node/chunks/node.js:25142:20)
[2m3:13:56 pm[22m [36m[1m[vite][22m[39m [90m[2m(client)[22m[39m [32mhmr update [39m[2m/src/components/Calendar.jsx[22m
[2m3:14:00 pm[22m [36m[1m[vite][22m[39m [90m[2m(client)[22m[39m [32mhmr update [39m[2m/src/styles/global.css[22m
[2m3:14:03 pm[22m [36m[1m[vite][22m[39m [90m[2m(client)[22m[39m [32mhmr update [39m[2m/src/styles/global.css[22m
[2m3:16:31 pm[22m [36m[1m[vite][22m[39m [90m[2m(client)[22m[39m [32mhmr update [39m[2m/src/components/Calendar.jsx[22m
[2m3:16:34 pm[22m [36m[1m[vite][22m[39m [90m[2m(client)[22m[39m [32mhmr update [39m[2m/src/styles/global.css[22m
[2m3:17:26 pm[22m [36m[1m[vite][22m[39m [90m[2m(client)[22m[39m [32mhmr update [39m[2m/src/styles/global.css[22m
[2m3:17:32 pm[22m [36m[1m[vite][22m[39m [90m[2m(client)[22m[39m [32mhmr update [39m[2m/src/styles/global.css[22m
[2m3:18:04 pm[22m [36m[1m[vite][22m[39m [90m[2m(client)[22m[39m [32mhmr update [39m[2m/src/styles/global.css[22m
[2m3:18:08 pm[22m [36m[1m[vite][22m[39m [90m[2m(client)[22m[39m [32mhmr update [39m[2m/src/styles/global.css[22m
[2m3:20:30 pm[22m [36m[1m[vite][22m[39m [90m[2m(client)[22m[39m [32mhmr update [39m[2m/src/components/BottomNav.jsx[22m
[2m3:21:21 pm[22m [36m[1m[vite][22m[39m [90m[2m(client)[22m[39m [32mhmr update [39m[2m/src/styles/global.css[22m
[2m3:22:15 pm[22m [36m[1m[vite][22m[39m [90m[2m(client)[22m[39m [32mhmr update [39m[2m/src/components/BottomNav.jsx[22m
[2m3:28:11 pm[22m [36m[1m[vite][22m[39m [90m[2m(client)[22m[39m [32mhmr update [39m[2m/src/App.jsx, /src/components/ScenePicker.jsx, /src/components/StreakCard.jsx, /src/components/Badges.jsx, /src/components/XpCard.jsx, /src/components/Community.jsx[22m
[2m3:28:22 pm[22m [36m[1m[vite][22m[39m [90m[2m(client)[22m[39m [32mhmr update [39m[2m/src/components/Badges.jsx[22m
[2m3:28:36 pm[22m [36m[1m[vite][22m[39m [90m[2m(client)[22m[39m [32mhmr update [39m[2m/src/styles/global.css[22m
[2m3:33:29 pm[22m [36m[1m[vite][22m[39m [90m[2m(client)[22m[39m [32mhmr update [39m[2m/src/App.jsx, /src/components/ScenePicker.jsx, /src/components/StreakCard.jsx, /src/components/Badges.jsx, /src/components/XpCard.jsx, /src/components/Community.jsx[22m
[2m3:33:35 pm[22m [36m[1m[vite][22m[39m [90m[2m(client)[22m[39m [32mhmr update [39m[2m/src/components/Badges.jsx[22m
[2m3:33:50 pm[22m [36m[1m[vite][22m[39m [90m[2m(client)[22m[39m [32mhmr update [39m[2m/src/App.jsx[22m
[2m3:33:54 pm[22m [36m[1m[vite][22m[39m [90m[2m(client)[22m[39m [32mhmr update [39m[2m/src/App.jsx[22m
[2m3:33:59 pm[22m [36m[1m[vite][22m[39m [90m[2m(client)[22m[39m [32mhmr update [39m[2m/src/App.jsx[22m
[2m3:34:06 pm[22m [36m[1m[vite][22m[39m [90m[2m(client)[22m[39m [32mhmr update [39m[2m/src/components/BottomNav.jsx[22m
[2m3:34:10 pm[22m [36m[1m[vite][22m[39m [90m[2m(client)[22m[39m [32mhmr update [39m[2m/src/components/BottomNav.jsx[22m
[2m3:34:16 pm[22m [36m[1m[vite][22m[39m [90m[2m(client)[22m[39m [32mhmr update [39m[2m/src/styles/global.css[22m
[2m3:34:20 pm[22m [36m[1m[vite][22m[39m [90m[2m(client)[22m[39m [32mhmr update [39m[2m/src/styles/global.css[22m
[2m3:34:24 pm[22m [36m[1m[vite][22m[39m [90m[2m(client)[22m[39m [32mhmr update [39m[2m/src/styles/global.css[22m
[2m3:37:49 pm[22m [36m[1m[vite][22m[39m [90m[2m(client)[22m[39m [32mhmr update [39m[2m/src/App.jsx[22m
